Archive member included to satisfy reference by file (symbol)

/usr/lib/gcc/arm-none-eabi/5.4.1/../../../arm-none-eabi/lib/armv7e-m/softfp/libg.a(lib_a-atexit.o)
                              /usr/lib/gcc/arm-none-eabi/5.4.1/../../../arm-none-eabi/lib/armv7e-m/softfp/crt0.o (atexit)
/usr/lib/gcc/arm-none-eabi/5.4.1/../../../arm-none-eabi/lib/armv7e-m/softfp/libg.a(lib_a-exit.o)
                              /usr/lib/gcc/arm-none-eabi/5.4.1/../../../arm-none-eabi/lib/armv7e-m/softfp/crt0.o (exit)
/usr/lib/gcc/arm-none-eabi/5.4.1/../../../arm-none-eabi/lib/armv7e-m/softfp/libg.a(lib_a-fini.o)
                              /usr/lib/gcc/arm-none-eabi/5.4.1/../../../arm-none-eabi/lib/armv7e-m/softfp/crt0.o (__libc_fini_array)
/usr/lib/gcc/arm-none-eabi/5.4.1/../../../arm-none-eabi/lib/armv7e-m/softfp/libg.a(lib_a-impure.o)
                              /usr/lib/gcc/arm-none-eabi/5.4.1/../../../arm-none-eabi/lib/armv7e-m/softfp/libg.a(lib_a-exit.o) (_global_impure_ptr)
/usr/lib/gcc/arm-none-eabi/5.4.1/../../../arm-none-eabi/lib/armv7e-m/softfp/libg.a(lib_a-init.o)
                              /usr/lib/gcc/arm-none-eabi/5.4.1/../../../arm-none-eabi/lib/armv7e-m/softfp/crt0.o (__libc_init_array)
/usr/lib/gcc/arm-none-eabi/5.4.1/../../../arm-none-eabi/lib/armv7e-m/softfp/libg.a(lib_a-memset.o)
                              /usr/lib/gcc/arm-none-eabi/5.4.1/../../../arm-none-eabi/lib/armv7e-m/softfp/crt0.o (memset)
/usr/lib/gcc/arm-none-eabi/5.4.1/../../../arm-none-eabi/lib/armv7e-m/softfp/libg.a(lib_a-__atexit.o)
                              /usr/lib/gcc/arm-none-eabi/5.4.1/../../../arm-none-eabi/lib/armv7e-m/softfp/libg.a(lib_a-atexit.o) (__register_exitproc)
/usr/lib/gcc/arm-none-eabi/5.4.1/../../../arm-none-eabi/lib/armv7e-m/softfp/libg.a(lib_a-__call_atexit.o)
                              /usr/lib/gcc/arm-none-eabi/5.4.1/../../../arm-none-eabi/lib/armv7e-m/softfp/libg.a(lib_a-exit.o) (__call_exitprocs)

Allocating common symbols
Common symbol       size              file

delay               0x4               ./src/main.o

Discarded input sections

 .text          0x0000000000000000        0x0 /usr/lib/gcc/arm-none-eabi/5.4.1/armv7e-m/softfp/crti.o
 .data          0x0000000000000000        0x0 /usr/lib/gcc/arm-none-eabi/5.4.1/armv7e-m/softfp/crti.o
 .bss           0x0000000000000000        0x0 /usr/lib/gcc/arm-none-eabi/5.4.1/armv7e-m/softfp/crti.o
 .text          0x0000000000000000       0xa4 /usr/lib/gcc/arm-none-eabi/5.4.1/armv7e-m/softfp/crtbegin.o
 .data          0x0000000000000000        0x4 /usr/lib/gcc/arm-none-eabi/5.4.1/armv7e-m/softfp/crtbegin.o
 .bss           0x0000000000000000       0x1c /usr/lib/gcc/arm-none-eabi/5.4.1/armv7e-m/softfp/crtbegin.o
 .init_array    0x0000000000000000        0x4 /usr/lib/gcc/arm-none-eabi/5.4.1/armv7e-m/softfp/crtbegin.o
 .fini_array    0x0000000000000000        0x4 /usr/lib/gcc/arm-none-eabi/5.4.1/armv7e-m/softfp/crtbegin.o
 .eh_frame      0x0000000000000000        0x0 /usr/lib/gcc/arm-none-eabi/5.4.1/armv7e-m/softfp/crtbegin.o
 .jcr           0x0000000000000000        0x0 /usr/lib/gcc/arm-none-eabi/5.4.1/armv7e-m/softfp/crtbegin.o
 .tm_clone_table
                0x0000000000000000        0x0 /usr/lib/gcc/arm-none-eabi/5.4.1/armv7e-m/softfp/crtbegin.o
 .comment       0x0000000000000000       0x2c /usr/lib/gcc/arm-none-eabi/5.4.1/armv7e-m/softfp/crtbegin.o
 .ARM.attributes
                0x0000000000000000       0x32 /usr/lib/gcc/arm-none-eabi/5.4.1/armv7e-m/softfp/crtbegin.o
 .text          0x0000000000000000       0x68 /usr/lib/gcc/arm-none-eabi/5.4.1/../../../arm-none-eabi/lib/armv7e-m/softfp/crt0.o
 .data          0x0000000000000000        0x0 /usr/lib/gcc/arm-none-eabi/5.4.1/../../../arm-none-eabi/lib/armv7e-m/softfp/crt0.o
 .bss           0x0000000000000000        0x0 /usr/lib/gcc/arm-none-eabi/5.4.1/../../../arm-none-eabi/lib/armv7e-m/softfp/crt0.o
 .ARM.extab     0x0000000000000000        0x0 /usr/lib/gcc/arm-none-eabi/5.4.1/../../../arm-none-eabi/lib/armv7e-m/softfp/crt0.o
 .ARM.exidx     0x0000000000000000        0x8 /usr/lib/gcc/arm-none-eabi/5.4.1/../../../arm-none-eabi/lib/armv7e-m/softfp/crt0.o
 .debug_line    0x0000000000000000       0x7e /usr/lib/gcc/arm-none-eabi/5.4.1/../../../arm-none-eabi/lib/armv7e-m/softfp/crt0.o
 .debug_info    0x0000000000000000       0xa8 /usr/lib/gcc/arm-none-eabi/5.4.1/../../../arm-none-eabi/lib/armv7e-m/softfp/crt0.o
 .debug_abbrev  0x0000000000000000       0x14 /usr/lib/gcc/arm-none-eabi/5.4.1/../../../arm-none-eabi/lib/armv7e-m/softfp/crt0.o
 .debug_aranges
                0x0000000000000000       0x20 /usr/lib/gcc/arm-none-eabi/5.4.1/../../../arm-none-eabi/lib/armv7e-m/softfp/crt0.o
 .ARM.attributes
                0x0000000000000000       0x20 /usr/lib/gcc/arm-none-eabi/5.4.1/../../../arm-none-eabi/lib/armv7e-m/softfp/crt0.o
 .group         0x0000000000000000        0x8 ./src/main.o
 .group         0x0000000000000000        0x8 ./src/main.o
 .group         0x0000000000000000        0x8 ./src/main.o
 .group         0x0000000000000000        0x8 ./src/main.o
 .group         0x0000000000000000        0x8 ./src/main.o
 .group         0x0000000000000000        0x8 ./src/main.o
 .group         0x0000000000000000        0x8 ./src/main.o
 .group         0x0000000000000000        0x8 ./src/main.o
 .text          0x0000000000000000        0x0 ./src/main.o
 .data          0x0000000000000000        0x0 ./src/main.o
 .bss           0x0000000000000000        0x0 ./src/main.o
 .group         0x0000000000000000        0x8 ./src/startup_gcc.o
 .group         0x0000000000000000        0x8 ./src/startup_gcc.o
 .group         0x0000000000000000        0x8 ./src/startup_gcc.o
 .group         0x0000000000000000        0x8 ./src/startup_gcc.o
 .group         0x0000000000000000        0x8 ./src/startup_gcc.o
 .group         0x0000000000000000        0x8 ./src/startup_gcc.o
 .group         0x0000000000000000        0x8 ./src/startup_gcc.o
 .group         0x0000000000000000        0x8 ./src/startup_gcc.o
 .group         0x0000000000000000        0x8 ./src/startup_gcc.o
 .text          0x0000000000000000        0x0 ./src/startup_gcc.o
 .data          0x0000000000000000        0x0 ./src/startup_gcc.o
 .bss           0x0000000000000000        0x0 ./src/startup_gcc.o
 .debug_macro   0x0000000000000000      0x87a ./src/startup_gcc.o
 .debug_macro   0x0000000000000000       0x22 ./src/startup_gcc.o
 .debug_macro   0x0000000000000000       0x87 ./src/startup_gcc.o
 .debug_macro   0x0000000000000000       0x44 ./src/startup_gcc.o
 .debug_macro   0x0000000000000000       0xfd ./src/startup_gcc.o
 .debug_macro   0x0000000000000000       0x5e ./src/startup_gcc.o
 .debug_macro   0x0000000000000000      0x1df ./src/startup_gcc.o
 .text          0x0000000000000000        0xc /usr/lib/gcc/arm-none-eabi/5.4.1/../../../arm-none-eabi/lib/armv7e-m/softfp/libg.a(lib_a-atexit.o)
 .data          0x0000000000000000        0x0 /usr/lib/gcc/arm-none-eabi/5.4.1/../../../arm-none-eabi/lib/armv7e-m/softfp/libg.a(lib_a-atexit.o)
 .bss           0x0000000000000000        0x0 /usr/lib/gcc/arm-none-eabi/5.4.1/../../../arm-none-eabi/lib/armv7e-m/softfp/libg.a(lib_a-atexit.o)
 .debug_info    0x0000000000000000       0xfe /usr/lib/gcc/arm-none-eabi/5.4.1/../../../arm-none-eabi/lib/armv7e-m/softfp/libg.a(lib_a-atexit.o)
 .debug_abbrev  0x0000000000000000       0xaa /usr/lib/gcc/arm-none-eabi/5.4.1/../../../arm-none-eabi/lib/armv7e-m/softfp/libg.a(lib_a-atexit.o)
 .debug_loc     0x0000000000000000       0x2c /usr/lib/gcc/arm-none-eabi/5.4.1/../../../arm-none-eabi/lib/armv7e-m/softfp/libg.a(lib_a-atexit.o)
 .debug_aranges
                0x0000000000000000       0x20 /usr/lib/gcc/arm-none-eabi/5.4.1/../../../arm-none-eabi/lib/armv7e-m/softfp/libg.a(lib_a-atexit.o)
 .debug_line    0x0000000000000000       0xb8 /usr/lib/gcc/arm-none-eabi/5.4.1/../../../arm-none-eabi/lib/armv7e-m/softfp/libg.a(lib_a-atexit.o)
 .debug_str     0x0000000000000000      0x221 /usr/lib/gcc/arm-none-eabi/5.4.1/../../../arm-none-eabi/lib/armv7e-m/softfp/libg.a(lib_a-atexit.o)
 .comment       0x0000000000000000       0x2c /usr/lib/gcc/arm-none-eabi/5.4.1/../../../arm-none-eabi/lib/armv7e-m/softfp/libg.a(lib_a-atexit.o)
 .debug_frame   0x0000000000000000       0x20 /usr/lib/gcc/arm-none-eabi/5.4.1/../../../arm-none-eabi/lib/armv7e-m/softfp/libg.a(lib_a-atexit.o)
 .ARM.attributes
                0x0000000000000000       0x32 /usr/lib/gcc/arm-none-eabi/5.4.1/../../../arm-none-eabi/lib/armv7e-m/softfp/libg.a(lib_a-atexit.o)
 .text          0x0000000000000000       0x20 /usr/lib/gcc/arm-none-eabi/5.4.1/../../../arm-none-eabi/lib/armv7e-m/softfp/libg.a(lib_a-exit.o)
 .data          0x0000000000000000        0x0 /usr/lib/gcc/arm-none-eabi/5.4.1/../../../arm-none-eabi/lib/armv7e-m/softfp/libg.a(lib_a-exit.o)
 .bss           0x0000000000000000        0x0 /usr/lib/gcc/arm-none-eabi/5.4.1/../../../arm-none-eabi/lib/armv7e-m/softfp/libg.a(lib_a-exit.o)
 .debug_info    0x0000000000000000      0x8de /usr/lib/gcc/arm-none-eabi/5.4.1/../../../arm-none-eabi/lib/armv7e-m/softfp/libg.a(lib_a-exit.o)
 .debug_abbrev  0x0000000000000000      0x1d6 /usr/lib/gcc/arm-none-eabi/5.4.1/../../../arm-none-eabi/lib/armv7e-m/softfp/libg.a(lib_a-exit.o)
 .debug_loc     0x0000000000000000       0x1e /usr/lib/gcc/arm-none-eabi/5.4.1/../../../arm-none-eabi/lib/armv7e-m/softfp/libg.a(lib_a-exit.o)
 .debug_aranges
                0x0000000000000000       0x20 /usr/lib/gcc/arm-none-eabi/5.4.1/../../../arm-none-eabi/lib/armv7e-m/softfp/libg.a(lib_a-exit.o)
 .debug_line    0x0000000000000000      0x162 /usr/lib/gcc/arm-none-eabi/5.4.1/../../../arm-none-eabi/lib/armv7e-m/softfp/libg.a(lib_a-exit.o)
 .debug_str     0x0000000000000000      0x5be /usr/lib/gcc/arm-none-eabi/5.4.1/../../../arm-none-eabi/lib/armv7e-m/softfp/libg.a(lib_a-exit.o)
 .comment       0x0000000000000000       0x2c /usr/lib/gcc/arm-none-eabi/5.4.1/../../../arm-none-eabi/lib/armv7e-m/softfp/libg.a(lib_a-exit.o)
 .debug_frame   0x0000000000000000       0x28 /usr/lib/gcc/arm-none-eabi/5.4.1/../../../arm-none-eabi/lib/armv7e-m/softfp/libg.a(lib_a-exit.o)
 .ARM.attributes
                0x0000000000000000       0x32 /usr/lib/gcc/arm-none-eabi/5.4.1/../../../arm-none-eabi/lib/armv7e-m/softfp/libg.a(lib_a-exit.o)
 .text          0x0000000000000000       0x28 /usr/lib/gcc/arm-none-eabi/5.4.1/../../../arm-none-eabi/lib/armv7e-m/softfp/libg.a(lib_a-fini.o)
 .data          0x0000000000000000        0x0 /usr/lib/gcc/arm-none-eabi/5.4.1/../../../arm-none-eabi/lib/armv7e-m/softfp/libg.a(lib_a-fini.o)
 .bss           0x0000000000000000        0x0 /usr/lib/gcc/arm-none-eabi/5.4.1/../../../arm-none-eabi/lib/armv7e-m/softfp/libg.a(lib_a-fini.o)
 .debug_info    0x0000000000000000       0xfa /usr/lib/gcc/arm-none-eabi/5.4.1/../../../arm-none-eabi/lib/armv7e-m/softfp/libg.a(lib_a-fini.o)
 .debug_abbrev  0x0000000000000000       0xbd /usr/lib/gcc/arm-none-eabi/5.4.1/../../../arm-none-eabi/lib/armv7e-m/softfp/libg.a(lib_a-fini.o)
 .debug_loc     0x0000000000000000       0x5c /usr/lib/gcc/arm-none-eabi/5.4.1/../../../arm-none-eabi/lib/armv7e-m/softfp/libg.a(lib_a-fini.o)
 .debug_aranges
                0x0000000000000000       0x20 /usr/lib/gcc/arm-none-eabi/5.4.1/../../../arm-none-eabi/lib/armv7e-m/softfp/libg.a(lib_a-fini.o)
 .debug_line    0x0000000000000000       0x9f /usr/lib/gcc/arm-none-eabi/5.4.1/../../../arm-none-eabi/lib/armv7e-m/softfp/libg.a(lib_a-fini.o)
 .debug_str     0x0000000000000000      0x219 /usr/lib/gcc/arm-none-eabi/5.4.1/../../../arm-none-eabi/lib/armv7e-m/softfp/libg.a(lib_a-fini.o)
 .comment       0x0000000000000000       0x2c /usr/lib/gcc/arm-none-eabi/5.4.1/../../../arm-none-eabi/lib/armv7e-m/softfp/libg.a(lib_a-fini.o)
 .debug_frame   0x0000000000000000       0x34 /usr/lib/gcc/arm-none-eabi/5.4.1/../../../arm-none-eabi/lib/armv7e-m/softfp/libg.a(lib_a-fini.o)
 .ARM.attributes
                0x0000000000000000       0x32 /usr/lib/gcc/arm-none-eabi/5.4.1/../../../arm-none-eabi/lib/armv7e-m/softfp/libg.a(lib_a-fini.o)
 .text          0x0000000000000000        0x0 /usr/lib/gcc/arm-none-eabi/5.4.1/../../../arm-none-eabi/lib/armv7e-m/softfp/libg.a(lib_a-impure.o)
 .data          0x0000000000000000      0x430 /usr/lib/gcc/arm-none-eabi/5.4.1/../../../arm-none-eabi/lib/armv7e-m/softfp/libg.a(lib_a-impure.o)
 .bss           0x0000000000000000        0x0 /usr/lib/gcc/arm-none-eabi/5.4.1/../../../arm-none-eabi/lib/armv7e-m/softfp/libg.a(lib_a-impure.o)
 .rodata        0x0000000000000000        0x4 /usr/lib/gcc/arm-none-eabi/5.4.1/../../../arm-none-eabi/lib/armv7e-m/softfp/libg.a(lib_a-impure.o)
 .rodata.str1.4
                0x0000000000000000        0x2 /usr/lib/gcc/arm-none-eabi/5.4.1/../../../arm-none-eabi/lib/armv7e-m/softfp/libg.a(lib_a-impure.o)
 .debug_info    0x0000000000000000      0x89b /usr/lib/gcc/arm-none-eabi/5.4.1/../../../arm-none-eabi/lib/armv7e-m/softfp/libg.a(lib_a-impure.o)
 .debug_abbrev  0x0000000000000000      0x180 /usr/lib/gcc/arm-none-eabi/5.4.1/../../../arm-none-eabi/lib/armv7e-m/softfp/libg.a(lib_a-impure.o)
 .debug_aranges
                0x0000000000000000       0x18 /usr/lib/gcc/arm-none-eabi/5.4.1/../../../arm-none-eabi/lib/armv7e-m/softfp/libg.a(lib_a-impure.o)
 .debug_line    0x0000000000000000       0xe9 /usr/lib/gcc/arm-none-eabi/5.4.1/../../../arm-none-eabi/lib/armv7e-m/softfp/libg.a(lib_a-impure.o)
 .debug_str     0x0000000000000000      0x5b5 /usr/lib/gcc/arm-none-eabi/5.4.1/../../../arm-none-eabi/lib/armv7e-m/softfp/libg.a(lib_a-impure.o)
 .comment       0x0000000000000000       0x2c /usr/lib/gcc/arm-none-eabi/5.4.1/../../../arm-none-eabi/lib/armv7e-m/softfp/libg.a(lib_a-impure.o)
 .ARM.attributes
                0x0000000000000000       0x32 /usr/lib/gcc/arm-none-eabi/5.4.1/../../../arm-none-eabi/lib/armv7e-m/softfp/libg.a(lib_a-impure.o)
 .text          0x0000000000000000       0x50 /usr/lib/gcc/arm-none-eabi/5.4.1/../../../arm-none-eabi/lib/armv7e-m/softfp/libg.a(lib_a-init.o)
 .data          0x0000000000000000        0x0 /usr/lib/gcc/arm-none-eabi/5.4.1/../../../arm-none-eabi/lib/armv7e-m/softfp/libg.a(lib_a-init.o)
 .bss           0x0000000000000000        0x0 /usr/lib/gcc/arm-none-eabi/5.4.1/../../../arm-none-eabi/lib/armv7e-m/softfp/libg.a(lib_a-init.o)
 .debug_info    0x0000000000000000      0x110 /usr/lib/gcc/arm-none-eabi/5.4.1/../../../arm-none-eabi/lib/armv7e-m/softfp/libg.a(lib_a-init.o)
 .debug_abbrev  0x0000000000000000       0xba /usr/lib/gcc/arm-none-eabi/5.4.1/../../../arm-none-eabi/lib/armv7e-m/softfp/libg.a(lib_a-init.o)
 .debug_loc     0x0000000000000000       0xae /usr/lib/gcc/arm-none-eabi/5.4.1/../../../arm-none-eabi/lib/armv7e-m/softfp/libg.a(lib_a-init.o)
 .debug_aranges
                0x0000000000000000       0x20 /usr/lib/gcc/arm-none-eabi/5.4.1/../../../arm-none-eabi/lib/armv7e-m/softfp/libg.a(lib_a-init.o)
 .debug_line    0x0000000000000000       0xb8 /usr/lib/gcc/arm-none-eabi/5.4.1/../../../arm-none-eabi/lib/armv7e-m/softfp/libg.a(lib_a-init.o)
 .debug_str     0x0000000000000000      0x243 /usr/lib/gcc/arm-none-eabi/5.4.1/../../../arm-none-eabi/lib/armv7e-m/softfp/libg.a(lib_a-init.o)
 .comment       0x0000000000000000       0x2c /usr/lib/gcc/arm-none-eabi/5.4.1/../../../arm-none-eabi/lib/armv7e-m/softfp/libg.a(lib_a-init.o)
 .debug_frame   0x0000000000000000       0x2c /usr/lib/gcc/arm-none-eabi/5.4.1/../../../arm-none-eabi/lib/armv7e-m/softfp/libg.a(lib_a-init.o)
 .ARM.attributes
                0x0000000000000000       0x32 /usr/lib/gcc/arm-none-eabi/5.4.1/../../../arm-none-eabi/lib/armv7e-m/softfp/libg.a(lib_a-init.o)
 .text          0x0000000000000000       0x9c /usr/lib/gcc/arm-none-eabi/5.4.1/../../../arm-none-eabi/lib/armv7e-m/softfp/libg.a(lib_a-memset.o)
 .data          0x0000000000000000        0x0 /usr/lib/gcc/arm-none-eabi/5.4.1/../../../arm-none-eabi/lib/armv7e-m/softfp/libg.a(lib_a-memset.o)
 .bss           0x0000000000000000        0x0 /usr/lib/gcc/arm-none-eabi/5.4.1/../../../arm-none-eabi/lib/armv7e-m/softfp/libg.a(lib_a-memset.o)
 .debug_info    0x0000000000000000      0x11e /usr/lib/gcc/arm-none-eabi/5.4.1/../../../arm-none-eabi/lib/armv7e-m/softfp/libg.a(lib_a-memset.o)
 .debug_abbrev  0x0000000000000000       0x9f /usr/lib/gcc/arm-none-eabi/5.4.1/../../../arm-none-eabi/lib/armv7e-m/softfp/libg.a(lib_a-memset.o)
 .debug_loc     0x0000000000000000      0x1ae /usr/lib/gcc/arm-none-eabi/5.4.1/../../../arm-none-eabi/lib/armv7e-m/softfp/libg.a(lib_a-memset.o)
 .debug_aranges
                0x0000000000000000       0x20 /usr/lib/gcc/arm-none-eabi/5.4.1/../../../arm-none-eabi/lib/armv7e-m/softfp/libg.a(lib_a-memset.o)
 .debug_line    0x0000000000000000      0x111 /usr/lib/gcc/arm-none-eabi/5.4.1/../../../arm-none-eabi/lib/armv7e-m/softfp/libg.a(lib_a-memset.o)
 .debug_str     0x0000000000000000      0x1f8 /usr/lib/gcc/arm-none-eabi/5.4.1/../../../arm-none-eabi/lib/armv7e-m/softfp/libg.a(lib_a-memset.o)
 .comment       0x0000000000000000       0x2c /usr/lib/gcc/arm-none-eabi/5.4.1/../../../arm-none-eabi/lib/armv7e-m/softfp/libg.a(lib_a-memset.o)
 .debug_frame   0x0000000000000000       0x34 /usr/lib/gcc/arm-none-eabi/5.4.1/../../../arm-none-eabi/lib/armv7e-m/softfp/libg.a(lib_a-memset.o)
 .ARM.attributes
                0x0000000000000000       0x32 /usr/lib/gcc/arm-none-eabi/5.4.1/../../../arm-none-eabi/lib/armv7e-m/softfp/libg.a(lib_a-memset.o)
 .text          0x0000000000000000       0xa4 /usr/lib/gcc/arm-none-eabi/5.4.1/../../../arm-none-eabi/lib/armv7e-m/softfp/libg.a(lib_a-__atexit.o)
 .data          0x0000000000000000        0x0 /usr/lib/gcc/arm-none-eabi/5.4.1/../../../arm-none-eabi/lib/armv7e-m/softfp/libg.a(lib_a-__atexit.o)
 .bss           0x0000000000000000        0x0 /usr/lib/gcc/arm-none-eabi/5.4.1/../../../arm-none-eabi/lib/armv7e-m/softfp/libg.a(lib_a-__atexit.o)
 .debug_info    0x0000000000000000      0x92e /usr/lib/gcc/arm-none-eabi/5.4.1/../../../arm-none-eabi/lib/armv7e-m/softfp/libg.a(lib_a-__atexit.o)
 .debug_abbrev  0x0000000000000000      0x20f /usr/lib/gcc/arm-none-eabi/5.4.1/../../../arm-none-eabi/lib/armv7e-m/softfp/libg.a(lib_a-__atexit.o)
 .debug_loc     0x0000000000000000      0x197 /usr/lib/gcc/arm-none-eabi/5.4.1/../../../arm-none-eabi/lib/armv7e-m/softfp/libg.a(lib_a-__atexit.o)
 .debug_aranges
                0x0000000000000000       0x20 /usr/lib/gcc/arm-none-eabi/5.4.1/../../../arm-none-eabi/lib/armv7e-m/softfp/libg.a(lib_a-__atexit.o)
 .debug_line    0x0000000000000000      0x184 /usr/lib/gcc/arm-none-eabi/5.4.1/../../../arm-none-eabi/lib/armv7e-m/softfp/libg.a(lib_a-__atexit.o)
 .debug_str     0x0000000000000000      0x5f6 /usr/lib/gcc/arm-none-eabi/5.4.1/../../../arm-none-eabi/lib/armv7e-m/softfp/libg.a(lib_a-__atexit.o)
 .comment       0x0000000000000000       0x2c /usr/lib/gcc/arm-none-eabi/5.4.1/../../../arm-none-eabi/lib/armv7e-m/softfp/libg.a(lib_a-__atexit.o)
 .debug_frame   0x0000000000000000       0x34 /usr/lib/gcc/arm-none-eabi/5.4.1/../../../arm-none-eabi/lib/armv7e-m/softfp/libg.a(lib_a-__atexit.o)
 .ARM.attributes
                0x0000000000000000       0x32 /usr/lib/gcc/arm-none-eabi/5.4.1/../../../arm-none-eabi/lib/armv7e-m/softfp/libg.a(lib_a-__atexit.o)
 .text          0x0000000000000000       0xd8 /usr/lib/gcc/arm-none-eabi/5.4.1/../../../arm-none-eabi/lib/armv7e-m/softfp/libg.a(lib_a-__call_atexit.o)
 .data          0x0000000000000000        0x0 /usr/lib/gcc/arm-none-eabi/5.4.1/../../../arm-none-eabi/lib/armv7e-m/softfp/libg.a(lib_a-__call_atexit.o)
 .bss           0x0000000000000000        0x0 /usr/lib/gcc/arm-none-eabi/5.4.1/../../../arm-none-eabi/lib/armv7e-m/softfp/libg.a(lib_a-__call_atexit.o)
 .text.startup  0x0000000000000000       0x14 /usr/lib/gcc/arm-none-eabi/5.4.1/../../../arm-none-eabi/lib/armv7e-m/softfp/libg.a(lib_a-__call_atexit.o)
 .init_array.00000
                0x0000000000000000        0x4 /usr/lib/gcc/arm-none-eabi/5.4.1/../../../arm-none-eabi/lib/armv7e-m/softfp/libg.a(lib_a-__call_atexit.o)
 .debug_info    0x0000000000000000      0x9a5 /usr/lib/gcc/arm-none-eabi/5.4.1/../../../arm-none-eabi/lib/armv7e-m/softfp/libg.a(lib_a-__call_atexit.o)
 .debug_abbrev  0x0000000000000000      0x270 /usr/lib/gcc/arm-none-eabi/5.4.1/../../../arm-none-eabi/lib/armv7e-m/softfp/libg.a(lib_a-__call_atexit.o)
 .debug_loc     0x0000000000000000      0x17b /usr/lib/gcc/arm-none-eabi/5.4.1/../../../arm-none-eabi/lib/armv7e-m/softfp/libg.a(lib_a-__call_atexit.o)
 .debug_aranges
                0x0000000000000000       0x28 /usr/lib/gcc/arm-none-eabi/5.4.1/../../../arm-none-eabi/lib/armv7e-m/softfp/libg.a(lib_a-__call_atexit.o)
 .debug_ranges  0x0000000000000000       0x38 /usr/lib/gcc/arm-none-eabi/5.4.1/../../../arm-none-eabi/lib/armv7e-m/softfp/libg.a(lib_a-__call_atexit.o)
 .debug_line    0x0000000000000000      0x1b0 /usr/lib/gcc/arm-none-eabi/5.4.1/../../../arm-none-eabi/lib/armv7e-m/softfp/libg.a(lib_a-__call_atexit.o)
 .debug_str     0x0000000000000000      0x615 /usr/lib/gcc/arm-none-eabi/5.4.1/../../../arm-none-eabi/lib/armv7e-m/softfp/libg.a(lib_a-__call_atexit.o)
 .comment       0x0000000000000000       0x2c /usr/lib/gcc/arm-none-eabi/5.4.1/../../../arm-none-eabi/lib/armv7e-m/softfp/libg.a(lib_a-__call_atexit.o)
 .debug_frame   0x0000000000000000       0x50 /usr/lib/gcc/arm-none-eabi/5.4.1/../../../arm-none-eabi/lib/armv7e-m/softfp/libg.a(lib_a-__call_atexit.o)
 .ARM.attributes
                0x0000000000000000       0x32 /usr/lib/gcc/arm-none-eabi/5.4.1/../../../arm-none-eabi/lib/armv7e-m/softfp/libg.a(lib_a-__call_atexit.o)
 .text          0x0000000000000000        0x0 /usr/lib/gcc/arm-none-eabi/5.4.1/armv7e-m/softfp/crtend.o
 .data          0x0000000000000000        0x0 /usr/lib/gcc/arm-none-eabi/5.4.1/armv7e-m/softfp/crtend.o
 .bss           0x0000000000000000        0x0 /usr/lib/gcc/arm-none-eabi/5.4.1/armv7e-m/softfp/crtend.o
 .eh_frame      0x0000000000000000        0x4 /usr/lib/gcc/arm-none-eabi/5.4.1/armv7e-m/softfp/crtend.o
 .jcr           0x0000000000000000        0x4 /usr/lib/gcc/arm-none-eabi/5.4.1/armv7e-m/softfp/crtend.o
 .tm_clone_table
                0x0000000000000000        0x0 /usr/lib/gcc/arm-none-eabi/5.4.1/armv7e-m/softfp/crtend.o
 .comment       0x0000000000000000       0x2c /usr/lib/gcc/arm-none-eabi/5.4.1/armv7e-m/softfp/crtend.o
 .ARM.attributes
                0x0000000000000000       0x32 /usr/lib/gcc/arm-none-eabi/5.4.1/armv7e-m/softfp/crtend.o
 .text          0x0000000000000000        0x0 /usr/lib/gcc/arm-none-eabi/5.4.1/armv7e-m/softfp/crtn.o
 .data          0x0000000000000000        0x0 /usr/lib/gcc/arm-none-eabi/5.4.1/armv7e-m/softfp/crtn.o
 .bss           0x0000000000000000        0x0 /usr/lib/gcc/arm-none-eabi/5.4.1/armv7e-m/softfp/crtn.o
 .init          0x0000000000000000        0x8 /usr/lib/gcc/arm-none-eabi/5.4.1/armv7e-m/softfp/crtn.o
 .fini          0x0000000000000000        0x8 /usr/lib/gcc/arm-none-eabi/5.4.1/armv7e-m/softfp/crtn.o
 .ARM.attributes
                0x0000000000000000       0x22 /usr/lib/gcc/arm-none-eabi/5.4.1/armv7e-m/softfp/crtn.o

Memory Configuration

Name             Origin             Length             Attributes
FLASH            0x0000000000000000 0x0000000000040000 xr
SRAM             0x0000000020000000 0x0000000000008000 xrw
*default*        0x0000000000000000 0xffffffffffffffff

Linker script and memory map

LOAD /usr/lib/gcc/arm-none-eabi/5.4.1/armv7e-m/softfp/crti.o
LOAD /usr/lib/gcc/arm-none-eabi/5.4.1/armv7e-m/softfp/crtbegin.o
LOAD /usr/lib/gcc/arm-none-eabi/5.4.1/../../../arm-none-eabi/lib/armv7e-m/softfp/crt0.o
LOAD ./src/main.o
LOAD ./src/startup_gcc.o
LOAD /home/student/eclipse-workspace/Tiva_C_LaunchPad/SW-EK-TM4C123GXL-2.1.4.178/driverlib/gcc/libdriver.a
START GROUP
LOAD /usr/lib/gcc/arm-none-eabi/5.4.1/armv7e-m/softfp/libgcc.a
LOAD /usr/lib/gcc/arm-none-eabi/5.4.1/../../../arm-none-eabi/lib/armv7e-m/softfp/libg.a
LOAD /usr/lib/gcc/arm-none-eabi/5.4.1/../../../arm-none-eabi/lib/armv7e-m/softfp/libc.a
END GROUP
LOAD /usr/lib/gcc/arm-none-eabi/5.4.1/armv7e-m/softfp/crtend.o
LOAD /usr/lib/gcc/arm-none-eabi/5.4.1/armv7e-m/softfp/crtn.o

.text           0x0000000000000000      0xd41
                0x0000000000000000                _text = .
 *(.isr_vector)
 .isr_vector    0x0000000000000000      0x26c ./src/startup_gcc.o
                0x0000000000000000                g_pfnVectors
 *(.text*)
 .text.portlariAktiflestir
                0x000000000000026c      0x12c ./src/main.o
                0x000000000000026c                portlariAktiflestir
 .text.komutGonder
                0x0000000000000398       0x90 ./src/main.o
                0x0000000000000398                komutGonder
 .text.veriGonder
                0x0000000000000428       0x84 ./src/main.o
                0x0000000000000428                veriGonder
 .text.ekraniAktiflestir
                0x00000000000004ac       0xa4 ./src/main.o
                0x00000000000004ac                ekraniAktiflestir
 .text.ekranaYazdir
                0x0000000000000550       0x4c ./src/main.o
                0x0000000000000550                ekranaYazdir
 .text.paraYazdir
                0x000000000000059c       0xe8 ./src/main.o
                0x000000000000059c                paraYazdir
 .text.cozumle  0x0000000000000684      0x234 ./src/main.o
                0x0000000000000684                cozumle
 .text.resetle  0x00000000000008b8       0x64 ./src/main.o
                0x00000000000008b8                resetle
 .text.basiliButon
                0x000000000000091c       0x64 ./src/main.o
                0x000000000000091c                basiliButon
 .text.msArttir
                0x0000000000000980       0x90 ./src/main.o
                0x0000000000000980                msArttir
 .text.main     0x0000000000000a10      0x184 ./src/main.o
                0x0000000000000a10                main
 .text.ResetISR
                0x0000000000000b94       0x6c ./src/startup_gcc.o
                0x0000000000000b94                ResetISR
 .text.NmiSR    0x0000000000000c00        0x8 ./src/startup_gcc.o
 .text.FaultISR
                0x0000000000000c08        0x8 ./src/startup_gcc.o
 .text.IntDefaultHandler
                0x0000000000000c10        0x8 ./src/startup_gcc.o
 *(.rodata*)
 .rodata        0x0000000000000c18      0x129 ./src/main.o
                0x0000000000000d41                _etext = .

.glue_7         0x0000000000000d44        0x0
 .glue_7        0x0000000000000d44        0x0 linker stubs

.glue_7t        0x0000000000000d44        0x0
 .glue_7t       0x0000000000000d44        0x0 linker stubs

.vfp11_veneer   0x0000000000000d44        0x0
 .vfp11_veneer  0x0000000000000d44        0x0 linker stubs

.v4_bx          0x0000000000000d44        0x0
 .v4_bx         0x0000000000000d44        0x0 linker stubs

.init           0x0000000000000d44        0x4
 .init          0x0000000000000d44        0x4 /usr/lib/gcc/arm-none-eabi/5.4.1/armv7e-m/softfp/crti.o
                0x0000000000000d44                _init

.fini           0x0000000000000d48        0x4
 .fini          0x0000000000000d48        0x4 /usr/lib/gcc/arm-none-eabi/5.4.1/armv7e-m/softfp/crti.o
                0x0000000000000d48                _fini

.iplt           0x0000000000000d4c        0x0
 .iplt          0x0000000000000d4c        0x0 /usr/lib/gcc/arm-none-eabi/5.4.1/armv7e-m/softfp/crtbegin.o

.rel.dyn        0x0000000000000d4c        0x0
 .rel.iplt      0x0000000000000d4c        0x0 /usr/lib/gcc/arm-none-eabi/5.4.1/armv7e-m/softfp/crtbegin.o

.data           0x0000000020000000        0x0 load address 0x0000000000000d41
                0x0000000020000000                _data = .
                0x0000000000000d41                _ldata = LOADADDR (.data)
 *(vtable)
 *(.data*)
                0x0000000020000000                _edata = .

.igot.plt       0x0000000020000000        0x0
 .igot.plt      0x0000000020000000        0x0 /usr/lib/gcc/arm-none-eabi/5.4.1/armv7e-m/softfp/crtbegin.o

.bss            0x0000000020000000      0x124
                0x0000000020000000                _bss = .
 *(.bss*)
 .bss.secim     0x0000000020000000        0x4 ./src/main.o
                0x0000000020000000                secim
 .bss.kacMS     0x0000000020000004        0x4 ./src/main.o
                0x0000000020000004                kacMS
 .bss.needsReset
                0x0000000020000008        0x4 ./src/main.o
                0x0000000020000008                needsReset
 .bss.para      0x000000002000000c       0x14 ./src/main.o
                0x000000002000000c                para
 .bss.pui32Stack
                0x0000000020000020      0x100 ./src/startup_gcc.o
 *(COMMON)
 COMMON         0x0000000020000120        0x4 ./src/main.o
                0x0000000020000120                delay
                0x0000000020000124                _ebss = .
OUTPUT(Tiva_C_LaunchPad.elf elf32-littlearm)

.ARM.attributes
                0x0000000000000000       0x2e
 .ARM.attributes
                0x0000000000000000       0x22 /usr/lib/gcc/arm-none-eabi/5.4.1/armv7e-m/softfp/crti.o
 .ARM.attributes
                0x0000000000000022       0x37 ./src/main.o
 .ARM.attributes
                0x0000000000000059       0x37 ./src/startup_gcc.o

.comment        0x0000000000000000       0x2b
 .comment       0x0000000000000000       0x2b ./src/main.o
                                         0x2c (size before relaxing)
 .comment       0x000000000000002b       0x2c ./src/startup_gcc.o

.debug_info     0x0000000000000000      0x49e
 .debug_info    0x0000000000000000      0x32c ./src/main.o
 .debug_info    0x000000000000032c      0x172 ./src/startup_gcc.o

.debug_abbrev   0x0000000000000000      0x22d
 .debug_abbrev  0x0000000000000000      0x15a ./src/main.o
 .debug_abbrev  0x000000000000015a       0xd3 ./src/startup_gcc.o

.debug_aranges  0x0000000000000000       0xa8
 .debug_aranges
                0x0000000000000000       0x70 ./src/main.o
 .debug_aranges
                0x0000000000000070       0x38 ./src/startup_gcc.o

.debug_ranges   0x0000000000000000       0xb8
 .debug_ranges  0x0000000000000000       0x90 ./src/main.o
 .debug_ranges  0x0000000000000090       0x28 ./src/startup_gcc.o

.debug_macro    0x0000000000000000     0xd65f
 .debug_macro   0x0000000000000000       0x7e ./src/main.o
 .debug_macro   0x000000000000007e      0x87a ./src/main.o
 .debug_macro   0x00000000000008f8       0x22 ./src/main.o
 .debug_macro   0x000000000000091a       0x87 ./src/main.o
 .debug_macro   0x00000000000009a1       0x44 ./src/main.o
 .debug_macro   0x00000000000009e5       0xfd ./src/main.o
 .debug_macro   0x0000000000000ae2       0x5e ./src/main.o
 .debug_macro   0x0000000000000b40      0x1df ./src/main.o
 .debug_macro   0x0000000000000d1f     0xb522 ./src/main.o
 .debug_macro   0x000000000000c241       0x75 ./src/startup_gcc.o
 .debug_macro   0x000000000000c2b6     0x1342 ./src/startup_gcc.o
 .debug_macro   0x000000000000d5f8       0x67 ./src/startup_gcc.o

.debug_line     0x0000000000000000      0x5ec
 .debug_line    0x0000000000000000      0x414 ./src/main.o
 .debug_line    0x0000000000000414      0x1d8 ./src/startup_gcc.o

.debug_str      0x0000000000000000    0x3da32
 .debug_str     0x0000000000000000    0x3c593 ./src/main.o
                                      0x3c6f7 (size before relaxing)
 .debug_str     0x000000000003c593     0x149f ./src/startup_gcc.o
                                       0x8713 (size before relaxing)

.debug_frame    0x0000000000000000      0x200
 .debug_frame   0x0000000000000000      0x184 ./src/main.o
 .debug_frame   0x0000000000000184       0x7c ./src/startup_gcc.o
